// Jest Snapshot v1, https://goo.gl/fbAQLP

exports[`Executes correctly: dirlist 1`] = `
Array [
  "file-1UZ6YEQK.svg",
  "index.fxFXOoXR.js",
  "index.html",
]
`;

exports[`Executes correctly: htmlfile 1`] = `
"<!DOCTYPE html>
<html>
  <head>
    <meta charset=\\"UTF-8\\">
    <title></title>
  </head>
  <body>
  <script type=\\"text/javascript\\" src=\\"index.fxFXOoXR.js\\" integrity=\\"sha256-PgiP58mhrbMAndcVTWXHb7B4BsT7LazlqXsVDevA8Uk= sha512-oVTsFsi56jygDsWLuid3V1sMsPCfc3aXeWUzDH+FQuvXpajUvxIhGLYmN8GUm8pusTF3SED1e+Wxga04Gjznew==\\" crossorigin=\\"anonymous\\"></script></body>
</html>"
`;

exports[`Executes correctly: logofile 1`] = `"<svg clip-rule=\\"evenodd\\" fill-rule=\\"evenodd\\" stroke-linejoin=\\"round\\" stroke-miterlimit=\\"1.41421\\" viewBox=\\"0 0 16 16\\" xmlns=\\"http://www.w3.org/2000/svg\\"><path d=\\"m-.1-.1h16.3v16.2h-16.3z\\" fill=\\"#442230\\"/><path d=\\"m7.754 2.007-4.596 4.596 1.06 1.061 4.597-4.596z\\" fill=\\"#fff\\"/><path d=\\"m11.346 5.627-4.596 4.596 1.06 1.06 4.596-4.596z\\" fill=\\"#c41e54\\"/><g fill=\\"#fff\\"><path d=\\"m7.917 5.427-4.597 4.596 1.061 1.061 4.596-4.596z\\"/><path d=\\"m11.401 8.965-4.596 4.596 1.061 1.06 4.596-4.596z\\"/></g></svg>"`;
