// Jest Snapshot v1, https://goo.gl/fbAQLP

exports[`Clearfix 1`] = `
".row:after{
content:'';
display:block;
clear:both
}"
`;

exports[`Initial - All 1`] = `
"ul{
border-collapse:separate;
border-spacing:0;
caption-side:top;
cursor:auto;
direction:ltr;
empty-cells:show;
font-family:serif;
font-size:medium;
font-style:normal;
-webkit-font-feature-settings:normal;
font-feature-settings:normal;
font-variant:normal;
font-weight:400;
font-stretch:normal;
line-height:normal;
-webkit-hyphens:none;
-ms-hyphens:none;
hyphens:none;
letter-spacing:normal;
list-style:disc outside none;
-moz-tab-size:8;
tab-size:8;
text-align:left;
-moz-text-align-last:auto;
text-align-last:auto;
text-indent:0;
text-shadow:none;
text-transform:none;
visibility:visible;
white-space:normal;
widows:2;
word-spacing:normal;
all:initial
}"
`;

exports[`Initial 1`] = `
"h1{
font-family:initial
}"
`;

exports[`Normalize.css 1`] = `
".before{
color:#ff4136
}


/*! normalize.css v9.0.1 | MIT License | github.com/csstools/normalize.css */
html{
line-height:1.15;
-ms-text-size-adjust:100%;
-webkit-text-size-adjust:100%
}

h1{
font-size:2em;
margin:.67em 0
}

hr{
box-sizing:content-box;
height:0;
overflow:visible
}

details,main{
display:block
}

code,kbd,pre,samp{
font-family:monospace,monospace;
font-size:1em
}

abbr[title]{
-webkit-text-decoration:underline dotted;
text-decoration:underline dotted
}

b,strong{
font-weight:bolder
}

small{
font-size:80%
}

svg:not(:root){
overflow:hidden
}

button,input,select{
margin:0
}

[type=button],[type=reset],[type=submit],button{
-webkit-appearance:button
}

fieldset{
padding:.35em .75em .625em
}

button,input{
overflow:visible
}

legend{
box-sizing:border-box;
color:inherit;
display:table;
max-width:100%;
white-space:normal
}

progress{
display:inline-block;
vertical-align:baseline
}

button,select{
text-transform:none
}

textarea{
margin:0;
overflow:auto
}

[type=search]{
-webkit-appearance:textfield;
outline-offset:-2px
}

::-webkit-inner-spin-button,::-webkit-outer-spin-button{
height:auto
}

::-webkit-input-placeholder{
color:inherit;
opacity:.54
}

::-webkit-search-decoration{
-webkit-appearance:none
}

::-webkit-file-upload-button{
-webkit-appearance:button;
font:inherit
}

::-moz-focus-inner{
border-style:none;
padding:0
}

:-moz-focusring{
outline:1px dotted ButtonText
}

dialog{
background-color:#fff;
border:solid;
color:#111;
display:block;
height:-moz-fit-content;
height:-webkit-fit-content;
height:fit-content;
left:0;
margin:auto;
padding:1em;
position:absolute;
right:0;
width:-moz-fit-content;
width:-webkit-fit-content;
width:fit-content
}

dialog:not([open]){
display:none
}

summary{
display:list-item
}

template{
display:none
}

.after{
color:#2ecc40
}"
`;

exports[`Responsive Type 1`] = `
"html{
font-size:calc(7.60465px + 1.04651vw)
}

@media screen and (min-width:1280px){
html{
font-size:21px
}
}

@media screen and (max-width:420px){
html{
font-size:12px
}
}"
`;

exports[`System UI 1`] = `
"body{
font-family:system-ui,-apple-system,BlinkMacSystemFont,Segoe UI,Roboto,Noto Sans,Ubuntu,Cantarell,Helvetica Neue
}"
`;
