// Jest Snapshot v1, https://goo.gl/fbAQLP

exports[`Storyshots Navigation basic demo 1`] = `
<nav>
  <ul>
    <li>
      <a
        href="/"
      >
        Home
      </a>
    </li>
    <li>
      <a
        href="/counter"
      >
        Counter
      </a>
    </li>
    <li>
      <a
        href="/localization"
      >
        Localization
      </a>
    </li>
  </ul>
</nav>
`;
